<html>
<body>
<pre>
<h1>µVision Build Log</h1>
<h2>Project:</h2>
E:\v25ce2k1\Downloads\FINAL PROJECT-20260220T070202Z-1-001\FINAL PROJECT\IOT SENSOR 20-2-2026\IOT SENSOR\IOT.uvproj
Project File Date:  02/20/2026

<h2>Output:</h2>
compiling spi_main.c...
spi_main.c - 0 Error(s), 0 Warning(s).
Build target 'Target 1'
linking...
Program Size: Code=9544 RO-data=308 RW-data=12 ZI-data=1260  
FromELF: creating hex file...
"IOT.axf" - 0 Error(s), 0 Warning(s).
Build target 'Target 1'
compiling spi_main.c...
ESP_DATA.h(22): warning:  #181-D: argument is incompatible with corresponding format string conversion
ESP_DATA.h:       sprintf(get_data,"GET /update?api_key=OVTVQ8ESX533K6FM&field1=%d&field2=%d HTTP/1.1\r\nHost: api.thingspeak.com\r\n\r\n",temp, ldr);
ESP_DATA.h:                                                                                                                                ^
ESP_DATA.h(22): warning:  #181-D: argument is incompatible with corresponding format string conversion
ESP_DATA.h:       sprintf(get_data,"GET /update?api_key=OVTVQ8ESX533K6FM&field1=%d&field2=%d HTTP/1.1\r\nHost: api.thingspeak.com\r\n\r\n",temp, ldr);
ESP_DATA.h:                                                                                                                                      ^
ESP_DATA.h: spi_main.c: 2 warnings, 0 errors
linking...
Program Size: Code=3544 RO-data=128 RW-data=12 ZI-data=1260  
FromELF: creating hex file...
"IOT.axf" - 0 Error(s), 2 Warning(s).
Build target 'Target 1'
compiling spi_main.c...
spi_main.c(8): error:  #40: expected an identifier
spi_main.c:   unsigned int IR,temperature;                //store the sensor data
spi_main.c:   ^
spi_main.c(39): error:  #137: expression must be a modifiable lvalue
spi_main.c:             IR=((IOPIN0>>IR)&1); //IR value
spi_main.c:             ^
spi_main.c(41): error:  #20: identifier "LDR_volt" is undefined
spi_main.c:             ESP_send_data(temperature,LDR_volt);
spi_main.c:                                       ^
spi_main.c: spi_main.c: 0 warnings, 3 errors
Target not created
Build target 'Target 1'
assembling Startup.s...
compiling spi_main.c...
spi_main.c(8): error:  #40: expected an identifier
spi_main.c:   unsigned int IR,temperature;                //store the sensor data
spi_main.c:   ^
spi_main.c(39): error:  #137: expression must be a modifiable lvalue
spi_main.c:             IR=((IOPIN0>>IR)&1); //IR value
spi_main.c:             ^
spi_main.c: spi_main.c: 0 warnings, 2 errors
Target not created
Build target 'Target 1'
compiling spi_main.c...
spi_main.c(8): error:  #40: expected an identifier
spi_main.c:   unsigned int IR,temperature;                //store the sensor data
spi_main.c:   ^
spi_main.c(39): error:  #137: expression must be a modifiable lvalue
spi_main.c:             IR=((IOPIN0>>IR)&1); //IR value
spi_main.c:             ^
spi_main.c: spi_main.c: 0 warnings, 2 errors
Target not created
Build target 'Target 1'
compiling spi_main.c...
spi_main.c(8): error:  #40: expected an identifier
spi_main.c:   unsigned int IR,temperature;                //store the sensor data
spi_main.c:                ^
spi_main.c(39): error:  #137: expression must be a modifiable lvalue
spi_main.c:             IR=((IOPIN0>>IR)&1); //IR value
spi_main.c:             ^
spi_main.c: spi_main.c: 0 warnings, 2 errors
Target not created
Build target 'Target 1'
assembling Startup.s...
compiling spi_main.c...
spi_main.c(8): error:  #40: expected an identifier
spi_main.c:   unsigned int IR,temperature;                //store the sensor data
spi_main.c:                ^
spi_main.c(39): error:  #137: expression must be a modifiable lvalue
spi_main.c:             IR=((IOPIN0>>IR)&1); //IR value
spi_main.c:             ^
spi_main.c: spi_main.c: 0 warnings, 2 errors
Target not created
Build target 'Target 1'
compiling spi_main.c...
spi_main.c(35): error:  #40: expected an identifier
spi_main.c:         unsigned int IR,temperature;
spi_main.c:                      ^
spi_main.c(39): error:  #137: expression must be a modifiable lvalue
spi_main.c:             IR=((IOPIN0>>IR)&1); //IR value
spi_main.c:             ^
spi_main.c: spi_main.c: 0 warnings, 2 errors
Target not created
Build target 'Target 1'
compiling spi_main.c...
spi_main.c(35): error:  #40: expected an identifier
spi_main.c:         unsigned int IR,temperature;
spi_main.c:                      ^
spi_main.c(39): error:  #20: identifier "IRV" is undefined
spi_main.c:             IRV=((IOPIN0>>IR)&1); //IR value
spi_main.c:             ^
spi_main.c: spi_main.c: 0 warnings, 2 errors
Target not created
Build target 'Target 1'
compiling spi_main.c...
spi_main.c(35): warning:  #550-D: variable "IRV" was set but never used
spi_main.c:         unsigned int IRV,temperature;
spi_main.c:                      ^
spi_main.c: spi_main.c: 1 warning, 0 errors
linking...
Program Size: Code=3616 RO-data=128 RW-data=4 ZI-data=1260  
FromELF: creating hex file...
"IOT.axf" - 0 Error(s), 1 Warning(s).
Build target 'Target 1'
assembling Startup.s...
compiling spi_main.c...
spi_main.c(35): warning:  #550-D: variable "IRV" was set but never used
spi_main.c:         unsigned int IRV,temperature;
spi_main.c:                      ^
spi_main.c: spi_main.c: 1 warning, 0 errors
linking...
Program Size: Code=3616 RO-data=128 RW-data=4 ZI-data=1260  
FromELF: creating hex file...
"IOT.axf" - 0 Error(s), 1 Warning(s).
Build target 'Target 1'
compiling spi_main.c...
linking...
Program Size: Code=3636 RO-data=128 RW-data=12 ZI-data=1260  
FromELF: creating hex file...
"IOT.axf" - 0 Error(s), 0 Warning(s).
Build target 'Target 1'
linking...
Program Size: Code=3636 RO-data=128 RW-data=12 ZI-data=1260  
FromELF: creating hex file...
"IOT.axf" - 0 Error(s), 0 Warning(s).
Build target 'Target 1'
compiling spi_main.c...
linking...
Program Size: Code=3648 RO-data=128 RW-data=12 ZI-data=1260  
FromELF: creating hex file...
"IOT.axf" - 0 Error(s), 0 Warning(s).
Build target 'Target 1'
compiling spi_main.c...
linking...
Program Size: Code=3648 RO-data=128 RW-data=12 ZI-data=1260  
FromELF: creating hex file...
"IOT.axf" - 0 Error(s), 0 Warning(s).
Build target 'Target 1'
linking...
Program Size: Code=3648 RO-data=128 RW-data=12 ZI-data=1260  
FromELF: creating hex file...
"IOT.axf" - 0 Error(s), 0 Warning(s).
Build target 'Target 1'
compiling spi_main.c...
linking...
Program Size: Code=3636 RO-data=128 RW-data=12 ZI-data=1260  
FromELF: creating hex file...
"IOT.axf" - 0 Error(s), 0 Warning(s).
Build target 'Target 1'
compiling spi_main.c...
ESP_DATA.h(22): error:  #20: identifier "IRv" is undefined
ESP_DATA.h:       sprintf(get_data,"GET /update?api_key=OVTVQ8ESX533K6FM&field1=%d&field2=%d HTTP/1.1\r\nHost: api.thingspeak.com\r\n\r\n",temp, IRv);
ESP_DATA.h:                                                                                                                                      ^
ESP_DATA.h: spi_main.c: 0 warnings, 1 error
Target not created
Build target 'Target 1'
compiling spi_main.c...
ESP_DATA.h(22): error:  #20: identifier "IRV" is undefined
ESP_DATA.h:       sprintf(get_data,"GET /update?api_key=OVTVQ8ESX533K6FM&field1=%d&field2=%d HTTP/1.1\r\nHost: api.thingspeak.com\r\n\r\n",temp, IRV);
ESP_DATA.h:                                                                                                                                      ^
ESP_DATA.h: spi_main.c: 0 warnings, 1 error
Target not created
Build target 'Target 1'
compiling spi_main.c...
ESP_DATA.h(22): error:  #20: identifier "IRV" is undefined
ESP_DATA.h:       sprintf(get_data,"GET /update?api_key=OVTVQ8ESX533K6FM&field1=%d&field2=%d HTTP/1.1\r\nHost: api.thingspeak.com\r\n\r\n",temp, IRV);
ESP_DATA.h:                                                                                                                                      ^
ESP_DATA.h: spi_main.c: 0 warnings, 1 error
Target not created
Build target 'Target 1'
compiling spi_main.c...
linking...
Program Size: Code=3640 RO-data=128 RW-data=12 ZI-data=1260  
FromELF: creating hex file...
"IOT.axf" - 0 Error(s), 0 Warning(s).
Build target 'Target 1'
linking...
Program Size: Code=3640 RO-data=128 RW-data=12 ZI-data=1260  
FromELF: creating hex file...
"IOT.axf" - 0 Error(s), 0 Warning(s).
Build target 'Target 1'
assembling Startup.s...
compiling spi_main.c...
linking...
Program Size: Code=3640 RO-data=128 RW-data=12 ZI-data=1260  
FromELF: creating hex file...
"IOT.axf" - 0 Error(s), 0 Warning(s).
